// Vitest Snapshot v1, https://vitest.dev/guide/snapshot.html

exports[`content > keeps all task IDs stable 1`] = `
[
  "define-skills/list-skills",
  "define-skills/rate-skills",
  "define-skills/pick-core-skills",
  "choose-service/brainstorm-services",
  "choose-service/check-demand",
  "choose-service/write-service-statement",
  "define-target-customer/describe-ideal-customer",
  "define-target-customer/list-customer-problems",
  "define-target-customer/find-customer-places",
  "build-portfolio/select-projects",
  "build-portfolio/write-case-studies",
  "build-portfolio/create-sample-project",
  "build-portfolio/publish-portfolio",
  "define-pricing/calculate-hourly-rate",
  "define-pricing/research-market-rates",
  "define-pricing/set-rate",
  "prepare-profile/write-profile-text",
  "prepare-profile/update-linkedin",
  "prepare-profile/create-platform-profile",
  "business-basics/clarify-business-type",
  "business-basics/register-tax-office",
  "business-basics/clarify-insurance",
  "business-basics/get-contract-template",
  "business-basics/prepare-invoice-template",
  "find-clients/check-network",
  "find-clients/build-lead-list",
  "find-clients/search-project-platforms",
  "contact-clients/write-outreach-message",
  "contact-clients/contact-first-leads",
  "contact-clients/follow-up",
  "create-offer/clarify-requirements",
  "create-offer/estimate-effort",
  "create-offer/send-offer",
  "close-project/handle-feedback",
  "close-project/sign-contract",
  "close-project/plan-kickoff",
  "deliver-project/plan-milestones",
  "deliver-project/send-status-updates",
  "deliver-project/handle-change-requests",
  "deliver-project/hand-over",
  "invoice-client/create-invoice",
  "invoice-client/track-payment",
  "invoice-client/file-documents",
  "collect-testimonial/ask-for-testimonial",
  "collect-testimonial/publish-testimonial",
  "improve-repeat/project-retrospective",
  "improve-repeat/review-pricing",
  "improve-repeat/plan-acquisition-routine",
]
`;
